** Drc report for STM32 and GPS Technology PCB.kicad_pcb **
** Created on 2026-08-03T23:26:43 **
** Report includes: Errors, Warnings, Exclusions **

** Found 2 DRC violations **
[lib_footprint_mismatch]: Footprint 'USB_C_Receptacle_GCT_USB4110' does not match copy in library 'Connector_USB'
    Local override; warning (excluded)
    @(171.0000 mm, 44.0000 mm): Footprint J2
[lib_footprint_mismatch]: Footprint 'U.FL_Hirose_U.FL-R-SMT-1_Vertical' does not match copy in library 'Connector_Coaxial'
    Local override; warning (excluded)
    @(144.5250 mm, 78.5000 mm): Footprint U7

** Found 1 unconnected pads **
[unconnected_items]: Missing connection between items
    Local override; error
    @(138.1602 mm, 55.1069 mm): Pad 2 [STATUS] of U2 on B.Cu
    @(149.0000 mm, 58.5000 mm): Pad 49 [STATUS] of U1 on B.Cu

** Found 0 Footprint errors **

** Ignored checks **
    - Footprint has no courtyard defined
    - Track endpoint not centered on via
    - Tuning profile track geometries
    - Footprint doesn't match symbol's footprint filters
    - Footprint component type doesn't match footprint pads

** End of Report **
